  正在确定要还原的项目…
  所有项目均是最新的，无法还原。
C:\Program Files\dotnet\sdk\11.0.100-preview.2.26159.112\Sdks\Microsoft.NET.Sdk\targets\Microsoft.NET.RuntimeIdentifierInference.targets(383,5): message NETSDK1057: 你正在使用 .NET 的预览版。请参阅 https://aka.ms/dotnet-support-policy [E:\codeding\SecurityPlatform\src\backend\Atlas.WebApi\Atlas.WebApi.csproj]
C:\Program Files\dotnet\sdk\11.0.100-preview.2.26159.112\Sdks\Microsoft.NET.Sdk\targets\Microsoft.NET.RuntimeIdentifierInference.targets(383,5): message NETSDK1057: 你正在使用 .NET 的预览版。请参阅 https://aka.ms/dotnet-support-policy [E:\codeding\SecurityPlatform\src\backend\Atlas.Domain\Atlas.Domain.csproj]
C:\Program Files\dotnet\sdk\11.0.100-preview.2.26159.112\Sdks\Microsoft.NET.Sdk\targets\Microsoft.NET.RuntimeIdentifierInference.targets(383,5): message NETSDK1057: 你正在使用 .NET 的预览版。请参阅 https://aka.ms/dotnet-support-policy [E:\codeding\SecurityPlatform\src\backend\Atlas.Application.Approval\Atlas.Application.Approval.csproj]
C:\Program Files\dotnet\sdk\11.0.100-preview.2.26159.112\Sdks\Microsoft.NET.Sdk\targets\Microsoft.NET.RuntimeIdentifierInference.targets(383,5): message NETSDK1057: 你正在使用 .NET 的预览版。请参阅 https://aka.ms/dotnet-support-policy [E:\codeding\SecurityPlatform\src\backend\Atlas.Domain.Approval\Atlas.Domain.Approval.csproj]
C:\Program Files\dotnet\sdk\11.0.100-preview.2.26159.112\Sdks\Microsoft.NET.Sdk\targets\Microsoft.NET.RuntimeIdentifierInference.targets(383,5): message NETSDK1057: 你正在使用 .NET 的预览版。请参阅 https://aka.ms/dotnet-support-policy [E:\codeding\SecurityPlatform\src\backend\Atlas.Application\Atlas.Application.csproj]
C:\Program Files\dotnet\sdk\11.0.100-preview.2.26159.112\Sdks\Microsoft.NET.Sdk\targets\Microsoft.NET.RuntimeIdentifierInference.targets(383,5): message NETSDK1057: 你正在使用 .NET 的预览版。请参阅 https://aka.ms/dotnet-support-policy [E:\codeding\SecurityPlatform\src\backend\Atlas.Application.Alert\Atlas.Application.Alert.csproj]
C:\Program Files\dotnet\sdk\11.0.100-preview.2.26159.112\Sdks\Microsoft.NET.Sdk\targets\Microsoft.NET.RuntimeIdentifierInference.targets(383,5): message NETSDK1057: 你正在使用 .NET 的预览版。请参阅 https://aka.ms/dotnet-support-policy [E:\codeding\SecurityPlatform\src\backend\Atlas.Domain.Alert\Atlas.Domain.Alert.csproj]
C:\Program Files\dotnet\sdk\11.0.100-preview.2.26159.112\Sdks\Microsoft.NET.Sdk\targets\Microsoft.NET.RuntimeIdentifierInference.targets(383,5): message NETSDK1057: 你正在使用 .NET 的预览版。请参阅 https://aka.ms/dotnet-support-policy [E:\codeding\SecurityPlatform\src\backend\Atlas.Domain.Assets\Atlas.Domain.Assets.csproj]
C:\Program Files\dotnet\sdk\11.0.100-preview.2.26159.112\Sdks\Microsoft.NET.Sdk\targets\Microsoft.NET.RuntimeIdentifierInference.targets(383,5): message NETSDK1057: 你正在使用 .NET 的预览版。请参阅 https://aka.ms/dotnet-support-policy [E:\codeding\SecurityPlatform\src\backend\Atlas.Core\Atlas.Core.csproj]
C:\Program Files\dotnet\sdk\11.0.100-preview.2.26159.112\Sdks\Microsoft.NET.Sdk\targets\Microsoft.NET.RuntimeIdentifierInference.targets(383,5): message NETSDK1057: 你正在使用 .NET 的预览版。请参阅 https://aka.ms/dotnet-support-policy [E:\codeding\SecurityPlatform\src\backend\Atlas.Application.Workflow\Atlas.Application.Workflow.csproj]
C:\Program Files\dotnet\sdk\11.0.100-preview.2.26159.112\Sdks\Microsoft.NET.Sdk\targets\Microsoft.NET.RuntimeIdentifierInference.targets(383,5): message NETSDK1057: 你正在使用 .NET 的预览版。请参阅 https://aka.ms/dotnet-support-policy [E:\codeding\SecurityPlatform\src\backend\Atlas.Application.Audit\Atlas.Application.Audit.csproj]
C:\Program Files\dotnet\sdk\11.0.100-preview.2.26159.112\Sdks\Microsoft.NET.Sdk\targets\Microsoft.NET.RuntimeIdentifierInference.targets(383,5): message NETSDK1057: 你正在使用 .NET 的预览版。请参阅 https://aka.ms/dotnet-support-policy [E:\codeding\SecurityPlatform\src\backend\Atlas.Application.Assets\Atlas.Application.Assets.csproj]
  Atlas.Core -> E:\codeding\SecurityPlatform\src\backend\Atlas.Core\bin\Debug\net10.0\Atlas.Core.dll
  Atlas.WorkflowCore -> E:\codeding\SecurityPlatform\src\backend\Atlas.WorkflowCore\bin\Debug\net10.0\Atlas.WorkflowCore.dll
  Atlas.WorkflowCore.DSL -> E:\codeding\SecurityPlatform\src\backend\Atlas.WorkflowCore.DSL\bin\Debug\net10.0\Atlas.WorkflowCore.DSL.dll
  Atlas.Domain -> E:\codeding\SecurityPlatform\src\backend\Atlas.Domain\bin\Debug\net10.0\Atlas.Domain.dll
  Atlas.Domain.Alert -> E:\codeding\SecurityPlatform\src\backend\Atlas.Domain.Alert\bin\Debug\net10.0\Atlas.Domain.Alert.dll
  Atlas.Domain.Assets -> E:\codeding\SecurityPlatform\src\backend\Atlas.Domain.Assets\bin\Debug\net10.0\Atlas.Domain.Assets.dll
  Atlas.Domain.Audit -> E:\codeding\SecurityPlatform\src\backend\Atlas.Domain.Audit\bin\Debug\net10.0\Atlas.Domain.Audit.dll
  Atlas.Domain.Approval -> E:\codeding\SecurityPlatform\src\backend\Atlas.Domain.Approval\bin\Debug\net10.0\Atlas.Domain.Approval.dll
  Atlas.Domain.Workflow -> E:\codeding\SecurityPlatform\src\backend\Atlas.Domain.Workflow\bin\Debug\net10.0\Atlas.Domain.Workflow.dll
  Atlas.Application.Workflow -> E:\codeding\SecurityPlatform\src\backend\Atlas.Application.Workflow\bin\Debug\net10.0\Atlas.Application.Workflow.dll
  Atlas.Application.Alert -> E:\codeding\SecurityPlatform\src\backend\Atlas.Application.Alert\bin\Debug\net10.0\Atlas.Application.Alert.dll
  Atlas.Application.Approval -> E:\codeding\SecurityPlatform\src\backend\Atlas.Application.Approval\bin\Debug\net10.0\Atlas.Application.Approval.dll
  Atlas.Application.Assets -> E:\codeding\SecurityPlatform\src\backend\Atlas.Application.Assets\bin\Debug\net10.0\Atlas.Application.Assets.dll
  Atlas.Application.Audit -> E:\codeding\SecurityPlatform\src\backend\Atlas.Application.Audit\bin\Debug\net10.0\Atlas.Application.Audit.dll
  Atlas.Application -> E:\codeding\SecurityPlatform\src\backend\Atlas.Application\bin\Debug\net10.0\Atlas.Application.dll
  Atlas.Infrastructure -> E:\codeding\SecurityPlatform\src\backend\Atlas.Infrastructure\bin\Debug\net10.0\Atlas.Infrastructure.dll
E:\codeding\SecurityPlatform\src\backend\Atlas.WebApi\Controllers\TenantsController.cs(3,18): error CS0234: 命名空间“Atlas.Core”中不存在类型或命名空间名“Collections”(是否缺少程序集引用?) [E:\codeding\SecurityPlatform\src\backend\Atlas.WebApi\Atlas.WebApi.csproj]
E:\codeding\SecurityPlatform\src\backend\Atlas.WebApi\Controllers\TenantsController.cs(5,20): error CS0234: 命名空间“Atlas.WebApi”中不存在类型或命名空间名“Extensions”(是否缺少程序集引用?) [E:\codeding\SecurityPlatform\src\backend\Atlas.WebApi\Atlas.WebApi.csproj]
E:\codeding\SecurityPlatform\src\backend\Atlas.WebApi\Controllers\TenantsController.cs(32,36): error CS0246: 未能找到类型或命名空间名“ApiResponse<>”(是否缺少 using 指令或程序集引用?) [E:\codeding\SecurityPlatform\src\backend\Atlas.WebApi\Atlas.WebApi.csproj]
E:\codeding\SecurityPlatform\src\backend\Atlas.WebApi\Controllers\TenantsController.cs(32,48): error CS0246: 未能找到类型或命名空间名“PagedResult<>”(是否缺少 using 指令或程序集引用?) [E:\codeding\SecurityPlatform\src\backend\Atlas.WebApi\Atlas.WebApi.csproj]
E:\codeding\SecurityPlatform\src\backend\Atlas.WebApi\Controllers\TenantsController.cs(45,36): error CS0246: 未能找到类型或命名空间名“ApiResponse<>”(是否缺少 using 指令或程序集引用?) [E:\codeding\SecurityPlatform\src\backend\Atlas.WebApi\Atlas.WebApi.csproj]
E:\codeding\SecurityPlatform\src\backend\Atlas.WebApi\Controllers\TenantsController.cs(62,36): error CS0246: 未能找到类型或命名空间名“ApiResponse<>”(是否缺少 using 指令或程序集引用?) [E:\codeding\SecurityPlatform\src\backend\Atlas.WebApi\Atlas.WebApi.csproj]
E:\codeding\SecurityPlatform\src\backend\Atlas.WebApi\Controllers\TenantsController.cs(76,36): error CS0246: 未能找到类型或命名空间名“ApiResponse<>”(是否缺少 using 指令或程序集引用?) [E:\codeding\SecurityPlatform\src\backend\Atlas.WebApi\Atlas.WebApi.csproj]
E:\codeding\SecurityPlatform\src\backend\Atlas.WebApi\Controllers\TenantsController.cs(93,36): error CS0246: 未能找到类型或命名空间名“ApiResponse<>”(是否缺少 using 指令或程序集引用?) [E:\codeding\SecurityPlatform\src\backend\Atlas.WebApi\Atlas.WebApi.csproj]
E:\codeding\SecurityPlatform\src\backend\Atlas.WebApi\Controllers\TenantsController.cs(108,36): error CS0246: 未能找到类型或命名空间名“ApiResponse<>”(是否缺少 using 指令或程序集引用?) [E:\codeding\SecurityPlatform\src\backend\Atlas.WebApi\Atlas.WebApi.csproj]
E:\codeding\SecurityPlatform\src\backend\Atlas.WebApi\Controllers\TenantsController.cs(31,6): error CS0246: 未能找到类型或命名空间名“RequirePermissionAttribute”(是否缺少 using 指令或程序集引用?) [E:\codeding\SecurityPlatform\src\backend\Atlas.WebApi\Atlas.WebApi.csproj]
E:\codeding\SecurityPlatform\src\backend\Atlas.WebApi\Controllers\TenantsController.cs(31,6): error CS0246: 未能找到类型或命名空间名“RequirePermission”(是否缺少 using 指令或程序集引用?) [E:\codeding\SecurityPlatform\src\backend\Atlas.WebApi\Atlas.WebApi.csproj]
E:\codeding\SecurityPlatform\src\backend\Atlas.WebApi\Controllers\TenantsController.cs(44,6): error CS0246: 未能找到类型或命名空间名“RequirePermissionAttribute”(是否缺少 using 指令或程序集引用?) [E:\codeding\SecurityPlatform\src\backend\Atlas.WebApi\Atlas.WebApi.csproj]
E:\codeding\SecurityPlatform\src\backend\Atlas.WebApi\Controllers\TenantsController.cs(44,6): error CS0246: 未能找到类型或命名空间名“RequirePermission”(是否缺少 using 指令或程序集引用?) [E:\codeding\SecurityPlatform\src\backend\Atlas.WebApi\Atlas.WebApi.csproj]
E:\codeding\SecurityPlatform\src\backend\Atlas.WebApi\Controllers\TenantsController.cs(61,6): error CS0246: 未能找到类型或命名空间名“RequirePermissionAttribute”(是否缺少 using 指令或程序集引用?) [E:\codeding\SecurityPlatform\src\backend\Atlas.WebApi\Atlas.WebApi.csproj]
E:\codeding\SecurityPlatform\src\backend\Atlas.WebApi\Controllers\TenantsController.cs(61,6): error CS0246: 未能找到类型或命名空间名“RequirePermission”(是否缺少 using 指令或程序集引用?) [E:\codeding\SecurityPlatform\src\backend\Atlas.WebApi\Atlas.WebApi.csproj]
E:\codeding\SecurityPlatform\src\backend\Atlas.WebApi\Controllers\TenantsController.cs(75,6): error CS0246: 未能找到类型或命名空间名“RequirePermissionAttribute”(是否缺少 using 指令或程序集引用?) [E:\codeding\SecurityPlatform\src\backend\Atlas.WebApi\Atlas.WebApi.csproj]
E:\codeding\SecurityPlatform\src\backend\Atlas.WebApi\Controllers\TenantsController.cs(75,6): error CS0246: 未能找到类型或命名空间名“RequirePermission”(是否缺少 using 指令或程序集引用?) [E:\codeding\SecurityPlatform\src\backend\Atlas.WebApi\Atlas.WebApi.csproj]
E:\codeding\SecurityPlatform\src\backend\Atlas.WebApi\Controllers\TenantsController.cs(92,6): error CS0246: 未能找到类型或命名空间名“RequirePermissionAttribute”(是否缺少 using 指令或程序集引用?) [E:\codeding\SecurityPlatform\src\backend\Atlas.WebApi\Atlas.WebApi.csproj]
E:\codeding\SecurityPlatform\src\backend\Atlas.WebApi\Controllers\TenantsController.cs(92,6): error CS0246: 未能找到类型或命名空间名“RequirePermission”(是否缺少 using 指令或程序集引用?) [E:\codeding\SecurityPlatform\src\backend\Atlas.WebApi\Atlas.WebApi.csproj]
E:\codeding\SecurityPlatform\src\backend\Atlas.WebApi\Controllers\TenantsController.cs(107,6): error CS0246: 未能找到类型或命名空间名“RequirePermissionAttribute”(是否缺少 using 指令或程序集引用?) [E:\codeding\SecurityPlatform\src\backend\Atlas.WebApi\Atlas.WebApi.csproj]
E:\codeding\SecurityPlatform\src\backend\Atlas.WebApi\Controllers\TenantsController.cs(107,6): error CS0246: 未能找到类型或命名空间名“RequirePermission”(是否缺少 using 指令或程序集引用?) [E:\codeding\SecurityPlatform\src\backend\Atlas.WebApi\Atlas.WebApi.csproj]

生成失败。

E:\codeding\SecurityPlatform\src\backend\Atlas.WebApi\Controllers\TenantsController.cs(3,18): error CS0234: 命名空间“Atlas.Core”中不存在类型或命名空间名“Collections”(是否缺少程序集引用?) [E:\codeding\SecurityPlatform\src\backend\Atlas.WebApi\Atlas.WebApi.csproj]
E:\codeding\SecurityPlatform\src\backend\Atlas.WebApi\Controllers\TenantsController.cs(5,20): error CS0234: 命名空间“Atlas.WebApi”中不存在类型或命名空间名“Extensions”(是否缺少程序集引用?) [E:\codeding\SecurityPlatform\src\backend\Atlas.WebApi\Atlas.WebApi.csproj]
E:\codeding\SecurityPlatform\src\backend\Atlas.WebApi\Controllers\TenantsController.cs(32,36): error CS0246: 未能找到类型或命名空间名“ApiResponse<>”(是否缺少 using 指令或程序集引用?) [E:\codeding\SecurityPlatform\src\backend\Atlas.WebApi\Atlas.WebApi.csproj]
E:\codeding\SecurityPlatform\src\backend\Atlas.WebApi\Controllers\TenantsController.cs(32,48): error CS0246: 未能找到类型或命名空间名“PagedResult<>”(是否缺少 using 指令或程序集引用?) [E:\codeding\SecurityPlatform\src\backend\Atlas.WebApi\Atlas.WebApi.csproj]
E:\codeding\SecurityPlatform\src\backend\Atlas.WebApi\Controllers\TenantsController.cs(45,36): error CS0246: 未能找到类型或命名空间名“ApiResponse<>”(是否缺少 using 指令或程序集引用?) [E:\codeding\SecurityPlatform\src\backend\Atlas.WebApi\Atlas.WebApi.csproj]
E:\codeding\SecurityPlatform\src\backend\Atlas.WebApi\Controllers\TenantsController.cs(62,36): error CS0246: 未能找到类型或命名空间名“ApiResponse<>”(是否缺少 using 指令或程序集引用?) [E:\codeding\SecurityPlatform\src\backend\Atlas.WebApi\Atlas.WebApi.csproj]
E:\codeding\SecurityPlatform\src\backend\Atlas.WebApi\Controllers\TenantsController.cs(76,36): error CS0246: 未能找到类型或命名空间名“ApiResponse<>”(是否缺少 using 指令或程序集引用?) [E:\codeding\SecurityPlatform\src\backend\Atlas.WebApi\Atlas.WebApi.csproj]
E:\codeding\SecurityPlatform\src\backend\Atlas.WebApi\Controllers\TenantsController.cs(93,36): error CS0246: 未能找到类型或命名空间名“ApiResponse<>”(是否缺少 using 指令或程序集引用?) [E:\codeding\SecurityPlatform\src\backend\Atlas.WebApi\Atlas.WebApi.csproj]
E:\codeding\SecurityPlatform\src\backend\Atlas.WebApi\Controllers\TenantsController.cs(108,36): error CS0246: 未能找到类型或命名空间名“ApiResponse<>”(是否缺少 using 指令或程序集引用?) [E:\codeding\SecurityPlatform\src\backend\Atlas.WebApi\Atlas.WebApi.csproj]
E:\codeding\SecurityPlatform\src\backend\Atlas.WebApi\Controllers\TenantsController.cs(31,6): error CS0246: 未能找到类型或命名空间名“RequirePermissionAttribute”(是否缺少 using 指令或程序集引用?) [E:\codeding\SecurityPlatform\src\backend\Atlas.WebApi\Atlas.WebApi.csproj]
E:\codeding\SecurityPlatform\src\backend\Atlas.WebApi\Controllers\TenantsController.cs(31,6): error CS0246: 未能找到类型或命名空间名“RequirePermission”(是否缺少 using 指令或程序集引用?) [E:\codeding\SecurityPlatform\src\backend\Atlas.WebApi\Atlas.WebApi.csproj]
E:\codeding\SecurityPlatform\src\backend\Atlas.WebApi\Controllers\TenantsController.cs(44,6): error CS0246: 未能找到类型或命名空间名“RequirePermissionAttribute”(是否缺少 using 指令或程序集引用?) [E:\codeding\SecurityPlatform\src\backend\Atlas.WebApi\Atlas.WebApi.csproj]
E:\codeding\SecurityPlatform\src\backend\Atlas.WebApi\Controllers\TenantsController.cs(44,6): error CS0246: 未能找到类型或命名空间名“RequirePermission”(是否缺少 using 指令或程序集引用?) [E:\codeding\SecurityPlatform\src\backend\Atlas.WebApi\Atlas.WebApi.csproj]
E:\codeding\SecurityPlatform\src\backend\Atlas.WebApi\Controllers\TenantsController.cs(61,6): error CS0246: 未能找到类型或命名空间名“RequirePermissionAttribute”(是否缺少 using 指令或程序集引用?) [E:\codeding\SecurityPlatform\src\backend\Atlas.WebApi\Atlas.WebApi.csproj]
E:\codeding\SecurityPlatform\src\backend\Atlas.WebApi\Controllers\TenantsController.cs(61,6): error CS0246: 未能找到类型或命名空间名“RequirePermission”(是否缺少 using 指令或程序集引用?) [E:\codeding\SecurityPlatform\src\backend\Atlas.WebApi\Atlas.WebApi.csproj]
E:\codeding\SecurityPlatform\src\backend\Atlas.WebApi\Controllers\TenantsController.cs(75,6): error CS0246: 未能找到类型或命名空间名“RequirePermissionAttribute”(是否缺少 using 指令或程序集引用?) [E:\codeding\SecurityPlatform\src\backend\Atlas.WebApi\Atlas.WebApi.csproj]
E:\codeding\SecurityPlatform\src\backend\Atlas.WebApi\Controllers\TenantsController.cs(75,6): error CS0246: 未能找到类型或命名空间名“RequirePermission”(是否缺少 using 指令或程序集引用?) [E:\codeding\SecurityPlatform\src\backend\Atlas.WebApi\Atlas.WebApi.csproj]
E:\codeding\SecurityPlatform\src\backend\Atlas.WebApi\Controllers\TenantsController.cs(92,6): error CS0246: 未能找到类型或命名空间名“RequirePermissionAttribute”(是否缺少 using 指令或程序集引用?) [E:\codeding\SecurityPlatform\src\backend\Atlas.WebApi\Atlas.WebApi.csproj]
E:\codeding\SecurityPlatform\src\backend\Atlas.WebApi\Controllers\TenantsController.cs(92,6): error CS0246: 未能找到类型或命名空间名“RequirePermission”(是否缺少 using 指令或程序集引用?) [E:\codeding\SecurityPlatform\src\backend\Atlas.WebApi\Atlas.WebApi.csproj]
E:\codeding\SecurityPlatform\src\backend\Atlas.WebApi\Controllers\TenantsController.cs(107,6): error CS0246: 未能找到类型或命名空间名“RequirePermissionAttribute”(是否缺少 using 指令或程序集引用?) [E:\codeding\SecurityPlatform\src\backend\Atlas.WebApi\Atlas.WebApi.csproj]
E:\codeding\SecurityPlatform\src\backend\Atlas.WebApi\Controllers\TenantsController.cs(107,6): error CS0246: 未能找到类型或命名空间名“RequirePermission”(是否缺少 using 指令或程序集引用?) [E:\codeding\SecurityPlatform\src\backend\Atlas.WebApi\Atlas.WebApi.csproj]
    0 个警告
    21 个错误

已用时间 00:00:03.45
